../Src/main.c:52:5:main	8	static
../Src/main.c:85:6:task1_handler	8	static
../Src/main.c:96:6:task2_handler	8	static
../Src/main.c:107:6:task3_handler	8	static
../Src/main.c:114:6:task4_handler	8	static
../Src/main.c:122:6:init_systick_timer	32	static
../Src/main.c:143:29:init_scheduler_stack	0	static,ignoring_inline_asm
../Src/main.c:152:6:init_tasks_stack	24	static
../Src/main.c:179:6:enable_processor_faults	16	static
../Src/main.c:189:6:save_psp_value	16	static
../Src/main.c:194:6:update_next_task	4	static
../Src/main.c:201:10:get_psp_value	4	static
../Src/main.c:207:29:switch_sp_to_psp	0	static,ignoring_inline_asm
../Src/main.c:223:29:SysTick_Handler	0	static,ignoring_inline_asm
../Src/main.c:256:6:HardFault_Handler	8	static
../Src/main.c:261:6:MemManage_Handler	8	static
../Src/main.c:266:6:BusFault_Handler	8	static
