../Src/main.c:72:5:main	8	static
../Src/main.c:110:6:idle_task	4	static
../Src/main.c:116:6:task1_handler	8	static
../Src/main.c:127:6:task2_handler	8	static
../Src/main.c:138:6:task3_handler	8	static
../Src/main.c:145:6:task4_handler	8	static
../Src/main.c:153:6:init_systick_timer	32	static
../Src/main.c:174:29:init_scheduler_stack	0	static,ignoring_inline_asm
../Src/main.c:184:6:init_tasks_stack	24	static
../Src/main.c:233:6:enable_processor_faults	16	static
../Src/main.c:243:6:save_psp_value	16	static
../Src/main.c:249:6:update_next_task	4	static
../Src/main.c:256:10:get_psp_value	4	static
../Src/main.c:263:29:switch_sp_to_psp	0	static,ignoring_inline_asm
../Src/main.c:279:6:task_delay	16	static
../Src/main.c:289:29:SysTick_Handler	0	static,ignoring_inline_asm
../Src/main.c:322:6:HardFault_Handler	8	static
../Src/main.c:327:6:MemManage_Handler	8	static
../Src/main.c:332:6:BusFault_Handler	8	static
