../Src/main.c:72:5:main	8	static
../Src/main.c:110:6:idle_task	4	static
../Src/main.c:116:6:task1_handler	8	static
../Src/main.c:129:6:task2_handler	8	static
../Src/main.c:142:6:task3_handler	8	static
../Src/main.c:149:6:task4_handler	8	static
../Src/main.c:157:6:init_systick_timer	32	static
../Src/main.c:178:29:init_scheduler_stack	0	static,ignoring_inline_asm
../Src/main.c:188:6:init_tasks_stack	24	static
../Src/main.c:237:6:enable_processor_faults	16	static
../Src/main.c:247:6:save_psp_value	16	static
../Src/main.c:253:6:update_next_task	16	static
../Src/main.c:272:10:get_psp_value	4	static
../Src/main.c:279:29:switch_sp_to_psp	0	static,ignoring_inline_asm
../Src/main.c:296:6:schedule	16	static
../Src/main.c:306:6:task_delay	16	static,ignoring_inline_asm
../Src/main.c:324:29:PendSV_Handler	0	static,ignoring_inline_asm
../Src/main.c:357:6:update_global_tick_count	4	static
../Src/main.c:366:6:unblock_tasks	16	static
../Src/main.c:378:6:SysTick_Handler	16	static
../Src/main.c:388:6:HardFault_Handler	8	static
../Src/main.c:393:6:MemManage_Handler	8	static
../Src/main.c:398:6:BusFault_Handler	8	static
