../Src/main.c:62:5:main	8	static
../Src/main.c:97:6:task1_handler	8	static
../Src/main.c:108:6:task2_handler	8	static
../Src/main.c:119:6:task3_handler	8	static
../Src/main.c:126:6:task4_handler	8	static
../Src/main.c:134:6:init_systick_timer	32	static
../Src/main.c:155:29:init_scheduler_stack	0	static,ignoring_inline_asm
../Src/main.c:165:6:init_tasks_stack	24	static
../Src/main.c:211:6:enable_processor_faults	16	static
../Src/main.c:221:6:save_psp_value	16	static
../Src/main.c:227:6:update_next_task	4	static
../Src/main.c:234:10:get_psp_value	4	static
../Src/main.c:241:29:switch_sp_to_psp	0	static,ignoring_inline_asm
../Src/main.c:257:29:SysTick_Handler	0	static,ignoring_inline_asm
../Src/main.c:290:6:HardFault_Handler	8	static
../Src/main.c:295:6:MemManage_Handler	8	static
../Src/main.c:300:6:BusFault_Handler	8	static
