../Src/main.c:51:5:main	8	static
../Src/main.c:82:6:task1_handler	8	static
../Src/main.c:89:6:task2_handler	8	static
../Src/main.c:96:6:task3_handler	8	static
../Src/main.c:103:6:task4_handler	8	static
../Src/main.c:111:6:init_systick_timer	32	static
../Src/main.c:132:29:init_scheduler_stack	0	static,ignoring_inline_asm
../Src/main.c:141:6:init_tasks_stack	24	static
../Src/main.c:168:6:enable_processor_faults	16	static
../Src/main.c:179:10:get_psp_value	4	static
../Src/main.c:185:29:switch_sp_to_psp	0	static,ignoring_inline_asm
../Src/main.c:202:6:SysTick_Handler	4	static
../Src/main.c:207:6:HardFault_Handler	8	static
../Src/main.c:212:6:MemManage_Handler	8	static
../Src/main.c:217:6:BusFault_Handler	8	static
