Archive member included to satisfy reference by file (symbol)

c:/st/stm32cubeide_1.9.0/stm32cubeide/plugins/com.st.stm32cube.ide.mcu.externaltools.gnu-tools-for-stm32.10.3-2021.10.win32_1.0.0.202111181127/tools/bin/../lib/gcc/arm-none-eabi/10.3.1/../../../../arm-none-eabi/lib/thumb/v7e-m/nofp\libc_nano.a(lib_a-errno.o)
                              ./Src/syscalls.o (__errno)
c:/st/stm32cubeide_1.9.0/stm32cubeide/plugins/com.st.stm32cube.ide.mcu.externaltools.gnu-tools-for-stm32.10.3-2021.10.win32_1.0.0.202111181127/tools/bin/../lib/gcc/arm-none-eabi/10.3.1/../../../../arm-none-eabi/lib/thumb/v7e-m/nofp\libc_nano.a(lib_a-exit.o)
                              c:/st/stm32cubeide_1.9.0/stm32cubeide/plugins/com.st.stm32cube.ide.mcu.externaltools.gnu-tools-for-stm32.10.3-2021.10.win32_1.0.0.202111181127/tools/bin/../lib/gcc/arm-none-eabi/10.3.1/../../../../arm-none-eabi/lib/thumb/v7e-m/nofp/crt0.o (exit)
c:/st/stm32cubeide_1.9.0/stm32cubeide/plugins/com.st.stm32cube.ide.mcu.externaltools.gnu-tools-for-stm32.10.3-2021.10.win32_1.0.0.202111181127/tools/bin/../lib/gcc/arm-none-eabi/10.3.1/../../../../arm-none-eabi/lib/thumb/v7e-m/nofp\libc_nano.a(lib_a-impure.o)
                              c:/st/stm32cubeide_1.9.0/stm32cubeide/plugins/com.st.stm32cube.ide.mcu.externaltools.gnu-tools-for-stm32.10.3-2021.10.win32_1.0.0.202111181127/tools/bin/../lib/gcc/arm-none-eabi/10.3.1/../../../../arm-none-eabi/lib/thumb/v7e-m/nofp\libc_nano.a(lib_a-exit.o) (_global_impure_ptr)
c:/st/stm32cubeide_1.9.0/stm32cubeide/plugins/com.st.stm32cube.ide.mcu.externaltools.gnu-tools-for-stm32.10.3-2021.10.win32_1.0.0.202111181127/tools/bin/../lib/gcc/arm-none-eabi/10.3.1/../../../../arm-none-eabi/lib/thumb/v7e-m/nofp\libc_nano.a(lib_a-init.o)
                              c:/st/stm32cubeide_1.9.0/stm32cubeide/plugins/com.st.stm32cube.ide.mcu.externaltools.gnu-tools-for-stm32.10.3-2021.10.win32_1.0.0.202111181127/tools/bin/../lib/gcc/arm-none-eabi/10.3.1/../../../../arm-none-eabi/lib/thumb/v7e-m/nofp/crt0.o (__libc_init_array)
c:/st/stm32cubeide_1.9.0/stm32cubeide/plugins/com.st.stm32cube.ide.mcu.externaltools.gnu-tools-for-stm32.10.3-2021.10.win32_1.0.0.202111181127/tools/bin/../lib/gcc/arm-none-eabi/10.3.1/../../../../arm-none-eabi/lib/thumb/v7e-m/nofp\libc_nano.a(lib_a-memset.o)
                              c:/st/stm32cubeide_1.9.0/stm32cubeide/plugins/com.st.stm32cube.ide.mcu.externaltools.gnu-tools-for-stm32.10.3-2021.10.win32_1.0.0.202111181127/tools/bin/../lib/gcc/arm-none-eabi/10.3.1/../../../../arm-none-eabi/lib/thumb/v7e-m/nofp/crt0.o (memset)
c:/st/stm32cubeide_1.9.0/stm32cubeide/plugins/com.st.stm32cube.ide.mcu.externaltools.gnu-tools-for-stm32.10.3-2021.10.win32_1.0.0.202111181127/tools/bin/../lib/gcc/arm-none-eabi/10.3.1/../../../../arm-none-eabi/lib/thumb/v7e-m/nofp\libc_nano.a(lib_a-puts.o)
                              ./Src/main.o (puts)
c:/st/stm32cubeide_1.9.0/stm32cubeide/plugins/com.st.stm32cube.ide.mcu.externaltools.gnu-tools-for-stm32.10.3-2021.10.win32_1.0.0.202111181127/tools/bin/../lib/gcc/arm-none-eabi/10.3.1/../../../../arm-none-eabi/lib/thumb/v7e-m/nofp\libc_nano.a(lib_a-wbuf.o)
                              c:/st/stm32cubeide_1.9.0/stm32cubeide/plugins/com.st.stm32cube.ide.mcu.externaltools.gnu-tools-for-stm32.10.3-2021.10.win32_1.0.0.202111181127/tools/bin/../lib/gcc/arm-none-eabi/10.3.1/../../../../arm-none-eabi/lib/thumb/v7e-m/nofp\libc_nano.a(lib_a-puts.o) (__swbuf_r)
c:/st/stm32cubeide_1.9.0/stm32cubeide/plugins/com.st.stm32cube.ide.mcu.externaltools.gnu-tools-for-stm32.10.3-2021.10.win32_1.0.0.202111181127/tools/bin/../lib/gcc/arm-none-eabi/10.3.1/../../../../arm-none-eabi/lib/thumb/v7e-m/nofp\libc_nano.a(lib_a-wsetup.o)
                              c:/st/stm32cubeide_1.9.0/stm32cubeide/plugins/com.st.stm32cube.ide.mcu.externaltools.gnu-tools-for-stm32.10.3-2021.10.win32_1.0.0.202111181127/tools/bin/../lib/gcc/arm-none-eabi/10.3.1/../../../../arm-none-eabi/lib/thumb/v7e-m/nofp\libc_nano.a(lib_a-puts.o) (__swsetup_r)
c:/st/stm32cubeide_1.9.0/stm32cubeide/plugins/com.st.stm32cube.ide.mcu.externaltools.gnu-tools-for-stm32.10.3-2021.10.win32_1.0.0.202111181127/tools/bin/../lib/gcc/arm-none-eabi/10.3.1/../../../../arm-none-eabi/lib/thumb/v7e-m/nofp\libc_nano.a(lib_a-fflush.o)
                              c:/st/stm32cubeide_1.9.0/stm32cubeide/plugins/com.st.stm32cube.ide.mcu.externaltools.gnu-tools-for-stm32.10.3-2021.10.win32_1.0.0.202111181127/tools/bin/../lib/gcc/arm-none-eabi/10.3.1/../../../../arm-none-eabi/lib/thumb/v7e-m/nofp\libc_nano.a(lib_a-wbuf.o) (_fflush_r)
c:/st/stm32cubeide_1.9.0/stm32cubeide/plugins/com.st.stm32cube.ide.mcu.externaltools.gnu-tools-for-stm32.10.3-2021.10.win32_1.0.0.202111181127/tools/bin/../lib/gcc/arm-none-eabi/10.3.1/../../../../arm-none-eabi/lib/thumb/v7e-m/nofp\libc_nano.a(lib_a-findfp.o)
[...]
Memory Configuration

Name             Origin             Length             Attributes
CCMRAM           0x0000000010000000 0x0000000000004000 xrw
RAM              0x0000000020000000 0x0000000000010000 xrw
FLASH            0x0000000008000000 0x0000000000080000 xr
*default*        0x0000000000000000 0xffffffffffffffff

Linker script and memory map

LOAD c:/st/stm32cubeide_1.9.0/stm32cubeide/plugins/com.st.stm32cube.ide.mcu.externaltools.gnu-tools-for-stm32.10.3-2021.10.win32_1.0.0.202111181127/tools/bin/../lib/gcc/arm-none-eabi/10.3.1/thumb/v7e-m/nofp/crti.o
LOAD c:/st/stm32cubeide_1.9.0/stm32cubeide/plugins/com.st.stm32cube.ide.mcu.externaltools.gnu-tools-for-stm32.10.3-2021.10.win32_1.0.0.202111181127/tools/bin/../lib/gcc/arm-none-eabi/10.3.1/thumb/v7e-m/nofp/crtbegin.o
LOAD c:/st/stm32cubeide_1.9.0/stm32cubeide/plugins/com.st.stm32cube.ide.mcu.externaltools.gnu-tools-for-stm32.10.3-2021.10.win32_1.0.0.202111181127/tools/bin/../lib/gcc/arm-none-eabi/10.3.1/../../../../arm-none-eabi/lib/thumb/v7e-m/nofp/crt0.o
LOAD ./Src/main.o
LOAD ./Src/syscalls.o
LOAD ./Src/sysmem.o
LOAD ./Startup/startup_stm32f303zetx.o
START GROUP
LOAD c:/st/stm32cubeide_1.9.0/stm32cubeide/plugins/com.st.stm32cube.ide.mcu.externaltools.gnu-tools-for-stm32.10.3-2021.10.win32_1.0.0.202111181127/tools/bin/../lib/gcc/arm-none-eabi/10.3.1/../../../../arm-none-eabi/lib/thumb/v7e-m/nofp\libc_nano.a
LOAD c:/st/stm32cubeide_1.9.0/stm32cubeide/plugins/com.st.stm32cube.ide.mcu.externaltools.gnu-tools-for-stm32.10.3-2021.10.win32_1.0.0.202111181127/tools/bin/../lib/gcc/arm-none-eabi/10.3.1/../../../../arm-none-eabi/lib/thumb/v7e-m/nofp\libm.a
END GROUP
START GROUP
LOAD c:/st/stm32cubeide_1.9.0/stm32cubeide/plugins/com.st.stm32cube.ide.mcu.externaltools.gnu-tools-for-stm32.10.3-2021.10.win32_1.0.0.202111181127/tools/bin/../lib/gcc/arm-none-eabi/10.3.1/thumb/v7e-m/nofp\libgcc.a
LOAD c:/st/stm32cubeide_1.9.0/stm32cubeide/plugins/com.st.stm32cube.ide.mcu.externaltools.gnu-tools-for-stm32.10.3-2021.10.win32_1.0.0.202111181127/tools/bin/../lib/gcc/arm-none-eabi/10.3.1/../../../../arm-none-eabi/lib/thumb/v7e-m/nofp\libc_nano.a
END GROUP
START GROUP
LOAD c:/st/stm32cubeide_1.9.0/stm32cubeide/plugins/com.st.stm32cube.ide.mcu.externaltools.gnu-tools-for-stm32.10.3-2021.10.win32_1.0.0.202111181127/tools/bin/../lib/gcc/arm-none-eabi/10.3.1/thumb/v7e-m/nofp\libgcc.a
LOAD c:/st/stm32cubeide_1.9.0/stm32cubeide/plugins/com.st.stm32cube.ide.mcu.externaltools.gnu-tools-for-stm32.10.3-2021.10.win32_1.0.0.202111181127/tools/bin/../lib/gcc/arm-none-eabi/10.3.1/../../../../arm-none-eabi/lib/thumb/v7e-m/nofp\libc_nano.a
LOAD c:/st/stm32cubeide_1.9.0/stm32cubeide/plugins/com.st.stm32cube.ide.mcu.externaltools.gnu-tools-for-stm32.10.3-2021.10.win32_1.0.0.202111181127/tools/bin/../lib/gcc/arm-none-eabi/10.3.1/../../../../arm-none-eabi/lib/thumb/v7e-m/nofp\libnosys.a
END GROUP
START GROUP
LOAD c:/st/stm32cubeide_1.9.0/stm32cubeide/plugins/com.st.stm32cube.ide.mcu.externaltools.gnu-tools-for-stm32.10.3-2021.10.win32_1.0.0.202111181127/tools/bin/../lib/gcc/arm-none-eabi/10.3.1/thumb/v7e-m/nofp\libgcc.a
LOAD c:/st/stm32cubeide_1.9.0/stm32cubeide/plugins/com.st.stm32cube.ide.mcu.externaltools.gnu-tools-for-stm32.10.3-2021.10.win32_1.0.0.202111181127/tools/bin/../lib/gcc/arm-none-eabi/10.3.1/../../../../arm-none-eabi/lib/thumb/v7e-m/nofp\libc_nano.a
LOAD c:/st/stm32cubeide_1.9.0/stm32cubeide/plugins/com.st.stm32cube.ide.mcu.externaltools.gnu-tools-for-stm32.10.3-2021.10.win32_1.0.0.202111181127/tools/bin/../lib/gcc/arm-none-eabi/10.3.1/../../../../arm-none-eabi/lib/thumb/v7e-m/nofp\libnosys.a
END GROUP
LOAD c:/st/stm32cubeide_1.9.0/stm32cubeide/plugins/com.st.stm32cube.ide.mcu.externaltools.gnu-tools-for-stm32.10.3-2021.10.win32_1.0.0.202111181127/tools/bin/../lib/gcc/arm-none-eabi/10.3.1/thumb/v7e-m/nofp/crtend.o
LOAD c:/st/stm32cubeide_1.9.0/stm32cubeide/plugins/com.st.stm32cube.ide.mcu.externaltools.gnu-tools-for-stm32.10.3-2021.10.win32_1.0.0.202111181127/tools/bin/../lib/gcc/arm-none-eabi/10.3.1/thumb/v7e-m/nofp/crtn.o
                0x0000000020010000                _estack = (ORIGIN (RAM) + LENGTH (RAM))
                0x0000000000000200                _Min_Heap_Size = 0x200
                0x0000000000000400                _Min_Stack_Size = 0x400

.isr_vector     0x0000000008000000      0x194
                0x0000000008000000                . = ALIGN (0x4)
 *(.isr_vector)
 .isr_vector    0x0000000008000000      0x194 ./Startup/startup_stm32f303zetx.o
                0x0000000008000000                g_pfnVectors
                0x0000000008000194                . = ALIGN (0x4)

.text           0x0000000008000194       0xfc
                0x0000000008000194                . = ALIGN (0x4)
 *(.text)
 .text          0x0000000008000194       0x40 c:/st/stm32cubeide_1.9.0/stm32cubeide/plugins/com.st.stm32cube.ide.mcu.externaltools.gnu-tools-for-stm32.10.3-2021.10.win32_1.0.0.202111181127/tools/bin/../lib/gcc/arm-none-eabi/10.3.1/thumb/v7e-m/nofp/crtbegin.o
 *(.text*)
 .text.main     0x00000000080001d4        0x6 ./Src/main.o
                0x00000000080001d4                main
 *fill*         0x00000000080001da        0x2 
 .text.Reset_Handler
                0x00000000080001dc       0x50 ./Startup/startup_stm32f303zetx.o
                0x00000000080001dc                Reset_Handler
 .text.Default_Handler
                0x000000000800022c        0x2 ./Startup/startup_stm32f303zetx.o
                0x000000000800022c                TIM8_TRG_COM_IRQHandler
                0x000000000800022c                TIM8_CC_IRQHandler
                0x000000000800022c                DebugMon_Handler
                0x000000000800022c                DMA1_CH4_IRQHandler
                0x000000000800022c                SPI4_IRQHandler
                0x000000000800022c                TIM1_CC_IRQHandler
                0x000000000800022c                HardFault_Handler
                0x000000000800022c                USB_HP_IRQHandler
                0x000000000800022c                I2C2_EV_EXTI24_IRQHandler
                0x000000000800022c                SysTick_Handler
                0x000000000800022c                USB_WKUP_EXTI_IRQHandler
                0x000000000800022c                PVD_IRQHandler
                0x000000000800022c                UART4_EXTI34_IRQHandler
                0x000000000800022c                TAMP_STAMP_IRQHandler
                0x000000000800022c                PendSV_Handler
                0x000000000800022c                NMI_Handler
                0x000000000800022c                EXTI3_IRQHandler
                0x000000000800022c                I2C3_ER_IRQHandler
                0x000000000800022c                TIM6_DACUNDER_IRQHandler
                0x000000000800022c                USB_HP_CAN_TX_IRQHandler
                0x000000000800022c                EXTI0_IRQHandler
                0x000000000800022c                DMA2_CH1_IRQHandler
                0x000000000800022c                FPU_IRQHandler
                0x000000000800022c                TIM1_UP_TIM16_IRQHandler
                0x000000000800022c                UsageFault_Handler
                0x000000000800022c                ADC1_2_IRQHandler
                0x000000000800022c                SPI1_IRQHandler
                0x000000000800022c                CAN_SCE_IRQHandler
                0x000000000800022c                DMA1_CH7_IRQHandler
                0x000000000800022c                TIM8_UP_IRQHandler
                0x000000000800022c                COMP456_IRQHandler
                0x000000000800022c                DMA1_CH6_IRQHandler
                0x000000000800022c                TIM20_TRG_COM_IRQHandler
                0x000000000800022c                ADC3_IRQHandler
                0x000000000800022c                TIM4_IRQHandler
                0x000000000800022c                CAN_RX1_IRQHandler
                0x000000000800022c                USART1_EXTI25_IRQHandler
                0x000000000800022c                DMA2_CH5_IRQHandler
                0x000000000800022c                I2C1_EV_EXTI23_IRQHandler
                0x000000000800022c                DMA1_CH3_IRQHandler
                0x000000000800022c                TIM3_IRQHandler
                0x000000000800022c                RCC_IRQHandler
                0x000000000800022c                TIM20_UP_IRQHandler
                0x000000000800022c                Default_Handler
                0x000000000800022c                EXTI15_10_IRQHandler
                0x000000000800022c                USART2_EXTI26_IRQHandler
                0x000000000800022c                USART3_EXTI28_IRQHandler
                0x000000000800022c                TIM7_IRQHandler
                0x000000000800022c                I2C3_EV_IRQHandler
                0x000000000800022c                EXTI9_5_IRQHandler
                0x000000000800022c                DMA1_CH2_IRQHandler
                0x000000000800022c                RTC_WKUP_IRQHandler
                0x000000000800022c                SPI2_IRQHandler
                0x000000000800022c                DMA1_CH1_IRQHandler
                0x000000000800022c                USB_LP_CAN_RX0_IRQHandler
                0x000000000800022c                MemManage_Handler
                0x000000000800022c                COMP123_IRQHandler
                0x000000000800022c                SVC_Handler
                0x000000000800022c                USB_LP_IRQHandler
                0x000000000800022c                EXTI4_IRQHandler
                0x000000000800022c                TIM1_TRG_COM_TIM17_IRQHandler
                0x000000000800022c                ADC4_IRQHandler
                0x000000000800022c                WWDG_IRQHandler
                0x000000000800022c                TIM2_IRQHandler
                0x000000000800022c                COMP7_IRQHandler
                0x000000000800022c                EXTI1_IRQHandler
                0x000000000800022c                RTCAlarm_IRQHandler
                0x000000000800022c                UART5_EXTI35_IRQHandler
                0x000000000800022c                TIM20_BRK_IRQHandler
                0x000000000800022c                I2C2_ER_IRQHandler
                0x000000000800022c                TIM8_BRK_IRQHandler
                0x000000000800022c                FLASH_IRQHandler
                0x000000000800022c                TIM20_CC_IRQHandler
                0x000000000800022c                BusFault_Handler
                0x000000000800022c                SPI3_IRQHandler
                0x000000000800022c                DMA2_CH3_IRQHandler
                0x000000000800022c                DMA2_CH2_IRQHandler
                0x000000000800022c                I2C1_ER_IRQHandler
                0x000000000800022c                FMC_IRQHandler
                0x000000000800022c                DMA1_CH5_IRQHandler
                0x000000000800022c                DMA2_CH4_IRQHandler
                0x000000000800022c                USB_WKUP_IRQHandler
                0x000000000800022c                EXTI2_TSC_IRQHandler
                0x000000000800022c                TIM1_BRK_TIM15_IRQHandler
 *fill*         0x000000000800022e        0x2 
 .text.__libc_init_array
                0x0000000008000230       0x48 c:/st/stm32cubeide_1.9.0/stm32cubeide/plugins/com.st.stm32cube.ide.mcu.externaltools.gnu-tools-for-stm32.10.3-2021.10.win32_1.0.0.202111181127/tools/bin/../lib/gcc/arm-none-eabi/10.3.1/../../../../arm-none-eabi/lib/thumb/v7e-m/nofp\libc_nano.a(lib_a-init.o)
                0x0000000008000230                __libc_init_array
 *(.glue_7)
 .glue_7        0x0000000008000278        0x0 linker stubs
 *(.glue_7t)
 .glue_7t       0x0000000008000278        0x0 linker stubs
 *(.eh_frame)
 .eh_frame      0x0000000008000278        0x0 c:/st/stm32cubeide_1.9.0/stm32cubeide/plugins/com.st.stm32cube.ide.mcu.externaltools.gnu-tools-for-stm32.10.3-2021.10.win32_1.0.0.202111181127/tools/bin/../lib/gcc/arm-none-eabi/10.3.1/thumb/v7e-m/nofp/crtbegin.o
 *(.init)
 .init          0x0000000008000278        0x4 c:/st/stm32cubeide_1.9.0/stm32cubeide/plugins/com.st.stm32cube.ide.mcu.externaltools.gnu-tools-for-stm32.10.3-2021.10.win32_1.0.0.202111181127/tools/bin/../lib/gcc/arm-none-eabi/10.3.1/thumb/v7e-m/nofp/crti.o
                0x0000000008000278                _init
 .init          0x000000000800027c        0x8 c:/st/stm32cubeide_1.9.0/stm32cubeide/plugins/com.st.stm32cube.ide.mcu.externaltools.gnu-tools-for-stm32.10.3-2021.10.win32_1.0.0.202111181127/tools/bin/../lib/gcc/arm-none-eabi/10.3.1/thumb/v7e-m/nofp/crtn.o
 *(.fini)
 .fini          0x0000000008000284        0x4 c:/st/stm32cubeide_1.9.0/stm32cubeide/plugins/com.st.stm32cube.ide.mcu.externaltools.gnu-tools-for-stm32.10.3-2021.10.win32_1.0.0.202111181127/tools/bin/../lib/gcc/arm-none-eabi/10.3.1/thumb/v7e-m/nofp/crti.o
                0x0000000008000284                _fini
 .fini          0x0000000008000288        0x8 c:/st/stm32cubeide_1.9.0/stm32cubeide/plugins/com.st.stm32cube.ide.mcu.externaltools.gnu-tools-for-stm32.10.3-2021.10.win32_1.0.0.202111181127/tools/bin/../lib/gcc/arm-none-eabi/10.3.1/thumb/v7e-m/nofp/crtn.o
                0x0000000008000290                . = ALIGN (0x4)
                0x0000000008000290                _etext = .

.vfp11_veneer   0x0000000008000290        0x0
 .vfp11_veneer  0x0000000008000290        0x0 linker stubs

.v4_bx          0x0000000008000290        0x0
 .v4_bx         0x0000000008000290        0x0 linker stubs

.iplt           0x0000000008000290        0x0
 .iplt          0x0000000008000290        0x0 c:/st/stm32cubeide_1.9.0/stm32cubeide/plugins/com.st.stm32cube.ide.mcu.externaltools.gnu-tools-for-stm32.10.3-2021.10.win32_1.0.0.202111181127/tools/bin/../lib/gcc/arm-none-eabi/10.3.1/thumb/v7e-m/nofp/crtbegin.o

.rel.dyn        0x0000000008000290        0x0
 .rel.iplt      0x0000000008000290        0x0 c:/st/stm32cubeide_1.9.0/stm32cubeide/plugins/com.st.stm32cube.ide.mcu.externaltools.gnu-tools-for-stm32.10.3-2021.10.win32_1.0.0.202111181127/tools/bin/../lib/gcc/arm-none-eabi/10.3.1/thumb/v7e-m/nofp/crtbegin.o

.rodata         0x0000000008000290        0x0
                0x0000000008000290                . = ALIGN (0x4)
 *(.rodata)
 *(.rodata*)
                0x0000000008000290                . = ALIGN (0x4)

.ARM.extab      0x0000000008000290        0x0
                0x0000000008000290                . = ALIGN (0x4)
 *(.ARM.extab* .gnu.linkonce.armextab.*)
                0x0000000008000290                . = ALIGN (0x4)

.ARM            0x0000000008000290        0x0
                0x0000000008000290                . = ALIGN (0x4)
                0x0000000008000290                __exidx_start = .
 *(.ARM.exidx*)
                0x0000000008000290                __exidx_end = .
                0x0000000008000290                . = ALIGN (0x4)

.preinit_array  0x0000000008000290        0x0
                0x0000000008000290                . = ALIGN (0x4)
                0x0000000008000290                PROVIDE (__preinit_array_start = .)
 *(.preinit_array*)
                0x0000000008000290                PROVIDE (__preinit_array_end = .)
                0x0000000008000290                . = ALIGN (0x4)

.init_array     0x0000000008000290        0x4
                0x0000000008000290                . = ALIGN (0x4)
                0x0000000008000290                PROVIDE (__init_array_start = .)
 *(SORT_BY_NAME(.init_array.*))
 *(.init_array*)
 .init_array    0x0000000008000290        0x4 c:/st/stm32cubeide_1.9.0/stm32cubeide/plugins/com.st.stm32cube.ide.mcu.externaltools.gnu-tools-for-stm32.10.3-2021.10.win32_1.0.0.202111181127/tools/bin/../lib/gcc/arm-none-eabi/10.3.1/thumb/v7e-m/nofp/crtbegin.o
                0x0000000008000294                PROVIDE (__init_array_end = .)
                0x0000000008000294                . = ALIGN (0x4)

.fini_array     0x0000000008000294        0x4
                0x0000000008000294                . = ALIGN (0x4)
                [!provide]                        PROVIDE (__fini_array_start = .)
 *(SORT_BY_NAME(.fini_array.*))
 *(.fini_array*)
 .fini_array    0x0000000008000294        0x4 c:/st/stm32cubeide_1.9.0/stm32cubeide/plugins/com.st.stm32cube.ide.mcu.externaltools.gnu-tools-for-stm32.10.3-2021.10.win32_1.0.0.202111181127/tools/bin/../lib/gcc/arm-none-eabi/10.3.1/thumb/v7e-m/nofp/crtbegin.o
                [!provide]                        PROVIDE (__fini_array_end = .)
                0x0000000008000298                . = ALIGN (0x4)
                0x0000000008000298                _sidata = LOADADDR (.data)

.data           0x0000000020000000        0x0 load address 0x0000000008000298
                0x0000000020000000                . = ALIGN (0x4)
                0x0000000020000000                _sdata = .
 *(.data)
 *(.data*)
 *(.RamFunc)
 *(.RamFunc*)
                0x0000000020000000                . = ALIGN (0x4)
                0x0000000020000000                _edata = .
                0x0000000008000298                _siccmram = LOADADDR (.ccmram)

.igot.plt       0x0000000020000000        0x0 load address 0x0000000008000298
 .igot.plt      0x0000000020000000        0x0 c:/st/stm32cubeide_1.9.0/stm32cubeide/plugins/com.st.stm32cube.ide.mcu.externaltools.gnu-tools-for-stm32.10.3-2021.10.win32_1.0.0.202111181127/tools/bin/../lib/gcc/arm-none-eabi/10.3.1/thumb/v7e-m/nofp/crtbegin.o

.ccmram         0x0000000010000000        0x0 load address 0x0000000008000298
                0x0000000010000000                . = ALIGN (0x4)
                0x0000000010000000                _sccmram = .
 *(.ccmram)
 *(.ccmram*)
                0x0000000010000000                . = ALIGN (0x4)
                0x0000000010000000                _eccmram = .
                0x0000000010000000                . = ALIGN (0x4)

.bss            0x0000000020000000       0x1c
                0x0000000020000000                _sbss = .
                0x0000000020000000                __bss_start__ = _sbss
 *(.bss)
 .bss           0x0000000020000000       0x1c c:/st/stm32cubeide_1.9.0/stm32cubeide/plugins/com.st.stm32cube.ide.mcu.externaltools.gnu-tools-for-stm32.10.3-2021.10.win32_1.0.0.202111181127/tools/bin/../lib/gcc/arm-none-eabi/10.3.1/thumb/v7e-m/nofp/crtbegin.o
 *(.bss*)
 *(COMMON)
                0x000000002000001c                . = ALIGN (0x4)
                0x000000002000001c                _ebss = .
                0x000000002000001c                __bss_end__ = _ebss

._user_heap_stack
                0x000000002000001c      0x604
                0x0000000020000020                . = ALIGN (0x8)
 *fill*         0x000000002000001c        0x4 
                [!provide]                        PROVIDE (end = .)
                0x0000000020000020                PROVIDE (_end = .)
                0x0000000020000220                . = (. + _Min_Heap_Size)
 *fill*         0x0000000020000020      0x200 
                0x0000000020000620                . = (. + _Min_Stack_Size)
 *fill*         0x0000000020000220      0x400 
                0x0000000020000620                . = ALIGN (0x8)

/DISCARD/
 libc.a(*)
 libm.a(*)
 libgcc.a(*)

.ARM.attributes
                0x0000000000000000       0x2a
 *(.ARM.attributes)
 .ARM.attributes
                0x0000000000000000       0x1e c:/st/stm32cubeide_1.9.0/stm32cubeide/plugins/com.st.stm32cube.ide.mcu.externaltools.gnu-tools-for-stm32.10.3-2021.10.win32_1.0.0.202111181127/tools/bin/../lib/gcc/arm-none-eabi/10.3.1/thumb/v7e-m/nofp/crti.o
 .ARM.attributes
                0x000000000000001e       0x2e c:/st/stm32cubeide_1.9.0/stm32cubeide/plugins/com.st.stm32cube.ide.mcu.externaltools.gnu-tools-for-stm32.10.3-2021.10.win32_1.0.0.202111181127/tools/bin/../lib/gcc/arm-none-eabi/10.3.1/thumb/v7e-m/nofp/crtbegin.o
 .ARM.attributes
                0x000000000000004c       0x2e ./Src/main.o
 .ARM.attributes
                0x000000000000007a       0x21 ./Startup/startup_stm32f303zetx.o
 .ARM.attributes
                0x000000000000009b       0x2e c:/st/stm32cubeide_1.9.0/stm32cubeide/plugins/com.st.stm32cube.ide.mcu.externaltools.gnu-tools-for-stm32.10.3-2021.10.win32_1.0.0.202111181127/tools/bin/../lib/gcc/arm-none-eabi/10.3.1/../../../../arm-none-eabi/lib/thumb/v7e-m/nofp\libc_nano.a(lib_a-init.o)
 .ARM.attributes
                0x00000000000000c9       0x1e c:/st/stm32cubeide_1.9.0/stm32cubeide/plugins/com.st.stm32cube.ide.mcu.externaltools.gnu-tools-for-stm32.10.3-2021.10.win32_1.0.0.202111181127/tools/bin/../lib/gcc/arm-none-eabi/10.3.1/thumb/v7e-m/nofp/crtn.o
OUTPUT(task_scheduler.elf elf32-littlearm)
LOAD linker stubs
LOAD c:/st/stm32cubeide_1.9.0/stm32cubeide/plugins/com.st.stm32cube.ide.mcu.externaltools.gnu-tools-for-stm32.10.3-2021.10.win32_1.0.0.202111181127/tools/bin/../lib/gcc/arm-none-eabi/10.3.1/../../../../arm-none-eabi/lib/thumb/v7e-m/nofp\libc.a
LOAD c:/st/stm32cubeide_1.9.0/stm32cubeide/plugins/com.st.stm32cube.ide.mcu.externaltools.gnu-tools-for-stm32.10.3-2021.10.win32_1.0.0.202111181127/tools/bin/../lib/gcc/arm-none-eabi/10.3.1/../../../../arm-none-eabi/lib/thumb/v7e-m/nofp\libm.a
LOAD c:/st/stm32cubeide_1.9.0/stm32cubeide/plugins/com.st.stm32cube.ide.mcu.externaltools.gnu-tools-for-stm32.10.3-2021.10.win32_1.0.0.202111181127/tools/bin/../lib/gcc/arm-none-eabi/10.3.1/thumb/v7e-m/nofp\libgcc.a

.debug_info     0x0000000000000000       0xfe
 .debug_info    0x0000000000000000       0xdc ./Src/main.o
 .debug_info    0x00000000000000dc       0x22 ./Startup/startup_stm32f303zetx.o

.debug_abbrev   0x0000000000000000       0x75
 .debug_abbrev  0x0000000000000000       0x63 ./Src/main.o
 .debug_abbrev  0x0000000000000063       0x12 ./Startup/startup_stm32f303zetx.o

.debug_aranges  0x0000000000000000       0x68
 .debug_aranges
                0x0000000000000000       0x40 ./Src/main.o
 .debug_aranges
                0x0000000000000040       0x28 ./Startup/startup_stm32f303zetx.o

.debug_ranges   0x0000000000000000       0x50
 .debug_ranges  0x0000000000000000       0x30 ./Src/main.o
 .debug_ranges  0x0000000000000030       0x20 ./Startup/startup_stm32f303zetx.o

.debug_macro    0x0000000000000000     0x1cd4
 .debug_macro   0x0000000000000000      0x203 ./Src/main.o
 .debug_macro   0x0000000000000203      0xa78 ./Src/main.o
 .debug_macro   0x0000000000000c7b       0x22 ./Src/main.o
 .debug_macro   0x0000000000000c9d       0x8e ./Src/main.o
 .debug_macro   0x0000000000000d2b       0x51 ./Src/main.o
 .debug_macro   0x0000000000000d7c      0x103 ./Src/main.o
 .debug_macro   0x0000000000000e7f       0x6a ./Src/main.o
 .debug_macro   0x0000000000000ee9      0x1df ./Src/main.o
 .debug_macro   0x00000000000010c8       0x52 ./Src/main.o
 .debug_macro   0x000000000000111a       0x18 ./Src/main.o
 .debug_macro   0x0000000000001132       0x3c ./Src/main.o
 .debug_macro   0x000000000000116e       0x34 ./Src/main.o
 .debug_macro   0x00000000000011a2       0x16 ./Src/main.o
 .debug_macro   0x00000000000011b8       0x97 ./Src/main.o
 .debug_macro   0x000000000000124f      0x341 ./Src/main.o
 .debug_macro   0x0000000000001590       0xfd ./Src/main.o
 .debug_macro   0x000000000000168d       0x10 ./Src/main.o
 .debug_macro   0x000000000000169d       0x16 ./Src/main.o
 .debug_macro   0x00000000000016b3       0x43 ./Src/main.o
 .debug_macro   0x00000000000016f6       0x34 ./Src/main.o
 .debug_macro   0x000000000000172a       0x10 ./Src/main.o
 .debug_macro   0x000000000000173a       0x58 ./Src/main.o
 .debug_macro   0x0000000000001792       0x71 ./Src/main.o
 .debug_macro   0x0000000000001803       0x1c ./Src/main.o
 .debug_macro   0x000000000000181f      0x12a ./Src/main.o
 .debug_macro   0x0000000000001949       0x10 ./Src/main.o
 .debug_macro   0x0000000000001959       0x1c ./Src/main.o
 .debug_macro   0x0000000000001975       0x52 ./Src/main.o
 .debug_macro   0x00000000000019c7       0x22 ./Src/main.o
 .debug_macro   0x00000000000019e9       0x10 ./Src/main.o
 .debug_macro   0x00000000000019f9       0x52 ./Src/main.o
 .debug_macro   0x0000000000001a4b       0xd5 ./Src/main.o
 .debug_macro   0x0000000000001b20       0x1c ./Src/main.o
 .debug_macro   0x0000000000001b3c       0x3d ./Src/main.o
 .debug_macro   0x0000000000001b79       0x16 ./Src/main.o
 .debug_macro   0x0000000000001b8f      0x145 ./Src/main.o

.debug_line     0x0000000000000000      0x645
 .debug_line    0x0000000000000000      0x5c1 ./Src/main.o
 .debug_line    0x00000000000005c1       0x84 ./Startup/startup_stm32f303zetx.o

.debug_str      0x0000000000000000     0x7c47
 .debug_str     0x0000000000000000     0x7c16 ./Src/main.o
                                       0x7df8 (size before relaxing)
 .debug_str     0x0000000000007c16       0x31 ./Startup/startup_stm32f303zetx.o
                                         0x76 (size before relaxing)

.comment        0x0000000000000000       0x50
 .comment       0x0000000000000000       0x50 ./Src/main.o
                                         0x51 (size before relaxing)

.debug_frame    0x0000000000000000       0xc4
 .debug_frame   0x0000000000000000       0x98 ./Src/main.o
 .debug_frame   0x0000000000000098       0x2c c:/st/stm32cubeide_1.9.0/stm32cubeide/plugins/com.st.stm32cube.ide.mcu.externaltools.gnu-tools-for-stm32.10.3-2021.10.win32_1.0.0.202111181127/tools/bin/../lib/gcc/arm-none-eabi/10.3.1/../../../../arm-none-eabi/lib/thumb/v7e-m/nofp\libc_nano.a(lib_a-init.o)
