03:06:02 **** Incremental Build of configuration Debug for project exception_entry_exit ****
make -j8 all 
arm-none-eabi-gcc "../Src/main.c" -mcpu=cortex-m4 -std=gnu11 -g3 -DDEBUG -DSTM32 -DSTM32F303ZETx -DNUCLEO_F303ZE -DSTM32F3 -c -I../Inc -O0 -ffunction-sections -fdata-sections -Wall -fstack-usage -MMD -MP -MF"Src/main.d" -MT"Src/main.o" --specs=nano.specs -mfpu=fpv4-sp-d16 -mfloat-abi=hard -mthumb -o "Src/main.o"
../Src/main.c:11:4: warning: #warning "FPU is not initialized, but the project is compiling for an FPU. Please initialize the FPU before use." [-Wcpp]
   11 |   #warning "FPU is not initialized, but the project is compiling for an FPU. Please initialize the FPU before use."
      |    ^~~~~~~
arm-none-eabi-gcc -o "exception_entry_exit.elf" @"objects.list"   -mcpu=cortex-m4 -T"C:\Users\chiangkd\Desktop\CM4-Practice\cortexmx\exception_entry_exit\STM32F303ZETX_FLASH.ld" --specs=nosys.specs -Wl,-Map="exception_entry_exit.map" -Wl,--gc-sections -static --specs=nano.specs -mfpu=fpv4-sp-d16 -mfloat-abi=hard -mthumb -Wl,--start-group -lc -lm -Wl,--end-group
Finished building target: exception_entry_exit.elf
 
arm-none-eabi-size   exception_entry_exit.elf 
arm-none-eabi-objdump -h -S  exception_entry_exit.elf  > "exception_entry_exit.list"
   text	   data	    bss	    dec	    hex	filename
   3884	    108	   1588	   5580	   15cc	exception_entry_exit.elf
Finished building: default.size.stdout
 
Finished building: exception_entry_exit.list
 

03:06:03 Build Finished. 0 errors, 1 warnings. (took 777ms)

