01:43:58 **** Incremental Build of configuration Debug for project interrupt_priority ****
make -j8 all 
arm-none-eabi-gcc "../Src/main.c" -mcpu=cortex-m4 -std=gnu11 -g3 -DDEBUG -DSTM32 -DSTM32F303ZETx -DNUCLEO_F303ZE -DSTM32F3 -c -I../Inc -O0 -ffunction-sections -fdata-sections -Wall -fstack-usage -MMD -MP -MF"Src/main.d" -MT"Src/main.o" --specs=nano.specs -mfloat-abi=soft -mthumb -o "Src/main.o"
arm-none-eabi-gcc -o "interrupt_priority.elf" @"objects.list"   -mcpu=cortex-m4 -T"C:\Users\chiangkd\Desktop\CM4-Practice\cortexmx\interrupt_priority\STM32F303ZETX_FLASH.ld" --specs=nosys.specs -Wl,-Map="interrupt_priority.map" -Wl,--gc-sections -static --specs=nano.specs -mfloat-abi=soft -mthumb -Wl,--start-group -lc -lm -Wl,--end-group
Finished building target: interrupt_priority.elf
 
arm-none-eabi-size   interrupt_priority.elf 
arm-none-eabi-objdump -h -S  interrupt_priority.elf  > "interrupt_priority.list"
   text	   data	    bss	    dec	    hex	filename
   3920	    120	   1584	   5624	   15f8	interrupt_priority.elf
Finished building: default.size.stdout
 
Finished building: interrupt_priority.list
 

01:43:59 Build Finished. 0 errors, 0 warnings. (took 706ms)

