18:59:10 **** Incremental Build of configuration Debug for project t-bit ****
make -j8 all 
arm-none-eabi-gcc "../Src/main.c" -mcpu=cortex-m4 -std=gnu11 -g3 -DDEBUG -DSTM32 -DSTM32F303ZETx -DNUCLEO_F303ZE -DSTM32F3 -c -I../Inc -O0 -ffunction-sections -fdata-sections -Wall -fstack-usage -MMD -MP -MF"Src/main.d" -MT"Src/main.o" --specs=nano.specs -mfloat-abi=soft -mthumb -o "Src/main.o"
arm-none-eabi-gcc -o "t-bit.elf" @"objects.list"   -mcpu=cortex-m4 -T"C:\Users\chiangkd\Desktop\CM4-Practice\cortexmx\t-bit\STM32F303ZETX_FLASH.ld" --specs=nosys.specs -Wl,-Map="t-bit.map" -Wl,--gc-sections -static --specs=nano.specs -mfloat-abi=soft -mthumb -Wl,--start-group -lc -lm -Wl,--end-group
Finished building target: t-bit.elf
 
arm-none-eabi-size   t-bit.elf 
arm-none-eabi-objdump -h -S  t-bit.elf  > "t-bit.list"
   text	   data	    bss	    dec	    hex	filename
   3888	    108	   1588	   5584	   15d0	t-bit.elf
Finished building: default.size.stdout
 
Finished building: t-bit.list
 

18:59:10 Build Finished. 0 errors, 0 warnings. (took 700ms)

