02:05:32 **** Incremental Build of configuration Debug for project task_scheduler ****
make -j8 all 
arm-none-eabi-gcc "../Src/main.c" -mcpu=cortex-m4 -std=gnu11 -g3 -DDEBUG -DSTM32 -DSTM32F303ZETx -DNUCLEO_F303ZE -DSTM32F3 -c -I../Inc -O0 -ffunction-sections -fdata-sections -Wall -fstack-usage -MMD -MP -MF"Src/main.d" -MT"Src/main.o" --specs=nano.specs -mfloat-abi=soft -mthumb -o "Src/main.o"
arm-none-eabi-gcc -o "task_scheduler.elf" @"objects.list"   -mcpu=cortex-m4 -T"C:\Users\chiangkd\Desktop\CM4-Practice\cortexmx\task_scheduler\STM32F303ZETX_FLASH.ld" --specs=nosys.specs -Wl,-Map="task_scheduler.map" -Wl,--gc-sections -static --specs=nano.specs -mfloat-abi=soft -mthumb -Wl,--start-group -lc -lm -Wl,--end-group
Finished building target: task_scheduler.elf
 
arm-none-eabi-size   task_scheduler.elf 
arm-none-eabi-objdump -h -S  task_scheduler.elf  > "task_scheduler.list"
   text	   data	    bss	    dec	    hex	filename
   4480	    124	   1604	   6208	   1840	task_scheduler.elf
Finished building: default.size.stdout
 
Finished building: task_scheduler.list
 

02:05:32 Build Finished. 0 errors, 0 warnings. (took 704ms)

